affected 0

affected 0

affected 1

id	v
1	a

affected 0

error: line 6, column 15: no such table: t

error: line 7, column 1: cannot COMMIT: no transaction is active

error: line 8, column 1: cannot ROLLBACK: no transaction is active

affected 0

affected 0

error: line 11, column 1: cannot BEGIN: a transaction is already active

affected 1

error: line 13, column 32: PRIMARY KEY constraint failed: t.id

affected 1

affected 0

id	v
1	a
3	c
